Microchip MPLAB XC8 Compiler V2.40

Linker command line:

-W-3 \
  --edf=C:\Program Files\Microchip\xc8\v2.40\pic\dat\20220703182018_en.msgs \
  -cn -h+dist/default/production\LDC.X.production.sym \
  --cmf=dist/default/production\LDC.X.production.cmf -z -Q16F887 \
  -oC:\Users\USUARI~1\AppData\Local\Temp\xcAsqqg.4 --defsym=__MPLAB_BUILD=1 \
  --fixupoverflow=error -Mdist/default/production/LDC.X.production.map \
  --md=C:\Users\USUARI~1\AppData\Local\Temp\xcAsqqg.dat -E1 \
  -ver=XC8 Compiler --acfsm=1493 -ACODE=00h-07FFhx4 -ASTRCODE=00h-01FFFh \
  -ASTRING=00h-0FFhx32 -ACONST=00h-0FFhx32 -AENTRY=00h-0FFhx32 \
  -ACOMMON=070h-07Fh -ABANK0=020h-06Fh -ABANK1=0A0h-0EFh \
  -ABANK2=0110h-016Fh -ABANK3=0190h-01EFh \
  -ARAM=020h-06Fh,0A0h-0EFh,0110h-016Fh,0190h-01EFh \
  -AABS1=020h-07Fh,0A0h-0EFh,0110h-016Fh,0190h-01EFh -ASFR0=00h-01Fh \
  -ASFR1=080h-09Fh -ASFR2=0100h-010Fh -ASFR3=0180h-018Fh \
  -ACONFIG=02007h-02008h -DCONFIG=2 -AIDLOC=02000h-02003h -DIDLOC=2 \
  -AEEDATA=00h-0FFh/02100h -peeprom_data=EEDATA -DEEDATA=2 -DCODE=2 \
  -DSTRCODE=2 -DSTRING=2 -DCONST=2 -DENTRY=2 \
  -preset_vec=00h,intentry=04h,init,end_init -ppowerup=CODE -pcinit=CODE \
  -pfunctab=ENTRY -k C:\Users\USUARI~1\AppData\Local\Temp\xcAsqqg.o \
  dist/default/production\LDC.X.production.o 

Object code version is 3.11

Machine type is 16F887



                Name                               Link     Load   Length Selector   Space Scale
C:\Users\USUARI~1\AppData\Local\Temp\xcAsqqg.o
                end_init                              E        E        3        8       0
                reset_vec                             0        0        3        0       0
                config                             2007     2007        2        0       4
                idloc                              2000     2000        4        0       5
dist/default/production\LDC.X.production.o
                cinit                                11       11       1F        8       0
                intentry                              4        4        A        8       0
                config                             2007     2007        2        0       4
                idloc                              2000     2000        4        0       5
                text30                              EBA      EBA        6     1D74       0
                text29                              468      468       67      7EA       0
                text28                              4CF      4CF       59      7EA       0
                text27                              ECC      ECC        A     1D98       0
                text26                              1C7      1C7       9D        8       0
                text25                              6A8      6A8       46      7EA       0
                text24                              5CC      5CC       4C      7EA       0
                text23                              11C      11C       AB        8       0
                text22                              EC0      EC0        6     1D80       0
                text21                              F23      F23       1C     1E46       0
                text20                              ED6      ED6        D     1DAC       0
                text19                              57C      57C       50      7EA       0
                text18                              F3F      F3F       22     1E7E       0
                text17                              F0B      F0B       18     1E16       0
                text16                              528      528       54      7EA       0
                text15                              EC6      EC6        6     1D8C       0
                text14                              618      618       4A      7EA       0
                text13                              F8D      F8D       39     1F1A       0
                text12                              EE3      EE3       12     1DC6       0
                text11                              6EE      6EE       45      7EA       0
                text10                              733      733       3F      7EA       0
                text9                               772      772       3E      7EA       0
                text8                               264      264       97        8       0
                text7                               EB7      EB7        3     1D6E       0
                text6                               3F5      3F5       73      7EA       0
                text5                               EF5      EF5       16     1DEA       0
                text4                               FC6      FC6       3A     1F8C       0
                text3                               662      662       46      7EA       0
                text2                               7B0      7B0       3C      7EA       0
                text1                                30       30       EC        8       0
                maintext                            2FB      2FB       82        8       0
                cstackBANK0                          20       20       2C       20       1
                cstackCOMMON                         70       70        E       70       1
                cstackBANK1                          A0       A0       1A       A0       1
                inittext                            7EC      7EC       13      7EA       0
                dataBANK3                           190      190       2C      190       1
                bssBANK1                             BA       BA        B       A0       1
                strings                             37D      37D       78      6FA       0
                idataBANK3                          F61      F61       2C     1EC2       0

TOTAL           Name                               Link     Load   Length     Space
        CLASS   CODE           
                end_init                              E        E        3         0
                cinit                                11       11       1F         0
                intentry                              4        4        A         0
                reset_vec                             0        0        3         0
                text30                              EBA      EBA        6         0
                text29                              468      468       67         0
                text28                              4CF      4CF       59         0
                text27                              ECC      ECC        A         0
                text26                              1C7      1C7       9D         0
                text25                              6A8      6A8       46         0
                text24                              5CC      5CC       4C         0
                text23                              11C      11C       AB         0
                text22                              EC0      EC0        6         0
                text21                              F23      F23       1C         0
                text20                              ED6      ED6        D         0
                text19                              57C      57C       50         0
                text18                              F3F      F3F       22         0
                text17                              F0B      F0B       18         0
                text16                              528      528       54         0
                text15                              EC6      EC6        6         0
                text14                              618      618       4A         0
                text13                              F8D      F8D       39         0
                text12                              EE3      EE3       12         0
                text11                              6EE      6EE       45         0
                text10                              733      733       3F         0
                text9                               772      772       3E         0
                text8                               264      264       97         0
                text7                               EB7      EB7        3         0
                text6                               3F5      3F5       73         0
                text5                               EF5      EF5       16         0
                text4                               FC6      FC6       3A         0
                text3                               662      662       46         0
                text2                               7B0      7B0       3C         0
                text1                                30       30       EC         0
                maintext                            2FB      2FB       82         0
                inittext                            7EC      7EC       13         0
                idataBANK3                          F61      F61       2C         0

        CLASS   STRCODE        

        CLASS   STRING         
                strings                             37D      37D       78         0

        CLASS   CONST          

        CLASS   ENTRY          

        CLASS   COMMON         
                cstackCOMMON                         70       70        E         1

        CLASS   BANK0          
                cstackBANK0                          20       20       2C         1

        CLASS   BANK1          
                cstackBANK1                          A0       A0       1A         1
                bssBANK1                             BA       BA        B         1

        CLASS   BANK2          

        CLASS   BANK3          
                dataBANK3                           190      190       2C         1

        CLASS   RAM            

        CLASS   ABS1           
                abs_s1                               7E       7E        2         1

        CLASS   SFR0           

        CLASS   SFR1           

        CLASS   SFR2           

        CLASS   SFR3           

        CLASS   CONFIG         
                config                             2007     2007        2         4

        CLASS   IDLOC          
                idloc                              2000     2000        4         5

        CLASS   EEDATA         

        CLASS   STACK          



SEGMENTS        Name                           Load    Length   Top    Selector   Space  Class     Delta

                reset_vec                      000000  000003  000003         0       0  CODE        2
                intentry                       000004  000379  00037D         8       0  CODE        2
                cstackBANK0                    000020  00002C  00004C        20       1  BANK0       1
                cstackCOMMON                   000070  00000E  00007E        70       1  COMMON      1
                cstackBANK1                    0000A0  000025  0000C5        A0       1  BANK1       1
                dataBANK3                      000190  00002C  0001BC       190       1  BANK3       1
                strings                        00037D  000078  0003F5       6FA       0  STRING      2
                text6                          0003F5  00040A  0007FF       7EA       0  CODE        2
                text7                          000EB7  000003  000EBA      1D6E       0  CODE        2
                text30                         000EBA  000006  000EC0      1D74       0  CODE        2
                text22                         000EC0  000006  000EC6      1D80       0  CODE        2
                text15                         000EC6  000006  000ECC      1D8C       0  CODE        2
                text27                         000ECC  00000A  000ED6      1D98       0  CODE        2
                text20                         000ED6  00000D  000EE3      1DAC       0  CODE        2
                text12                         000EE3  000012  000EF5      1DC6       0  CODE        2
                text5                          000EF5  000016  000F0B      1DEA       0  CODE        2
                text17                         000F0B  000018  000F23      1E16       0  CODE        2
                text21                         000F23  00001C  000F3F      1E46       0  CODE        2
                text18                         000F3F  000022  000F61      1E7E       0  CODE        2
                idataBANK3                     000F61  00002C  000F8D      1EC2       0  CODE        2
                text13                         000F8D  000039  000FC6      1F1A       0  CODE        2
                text4                          000FC6  00003A  001000      1F8C       0  CODE        2


UNUSED ADDRESS RANGES

        Name                Unused          Largest block    Delta
        BANK0            004C-006F             24           1
        BANK1            00C5-00EF             2B           1
        BANK2            0110-016F             60           1
        BANK3            01BC-01EF             34           1
        CODE             0003-0003              1           2
                         07FF-0EB6              1
                         1000-1FFF            800
        CONST            0003-0003              1           2
                         07FF-0EB6            100
                         1000-1FFF            100
        EEDATA           2100-21FF            100           2
        ENTRY            0003-0003              1           2
                         07FF-0EB6            100
                         1000-1FFF            100
        RAM              004C-006F             24           1
                         00C5-00EF             2B
                         0110-016F             60
                         01BC-01EF             34
        SFR0             0000-001F             20           1
        SFR1             0080-009F             20           1
        SFR2             0100-010F             10           1
        SFR3             0180-018F             10           1
        STRCODE          0003-0003              1           2
                         07FF-0EB6            6B8
                         1000-1FFF           1000
        STRING           0003-0003              1           2
                         07FF-0EB6            100
                         1000-1FFF            100

                                  Symbol Table

?___aldiv                   cstackBANK0  0020
?___awdiv                   cstackCOMMON 0070
?___awmod                   cstackCOMMON 0070
?___lmul                    cstackCOMMON 0070
?___lwdiv                   cstackBANK0  0044
?___lwmod                   cstackBANK1  00A0
?_adc_read                  cstackCOMMON 0070
?_map                       cstackBANK0  002E
?_sprintf                   cstackBANK1  00A6
Lcd_Cmd@a                   cstackBANK0  0047
Lcd_Port@a                  cstackBANK0  0044
Lcd_Set_Cursor@a            cstackBANK0  0049
Lcd_Set_Cursor@b            cstackBANK0  0048
Lcd_Set_Cursor@direccion    cstackBANK0  004A
Lcd_Write_Char@a            cstackBANK0  0046
Lcd_Write_String@a          cstackBANK0  0047
Lcd_Write_String@i          cstackBANK1  00A0
UART_RX_config@baudrate     cstackBANK0  0044
UART_TX_config@baudrate     cstackBANK0  0044
UART_read_char@datoRecibido cstackCOMMON 0070
UART_write_char@c           cstackBANK0  0044
UART_write_string@a         cstackBANK0  0045
UART_write_string@i         cstackBANK0  004A
_ADCON0bits                 (abs)        001F
_ADCON1bits                 (abs)        009F
_ADIF                       (abs)        0066
_ADRESH                     (abs)        001E
_ANSEL                      (abs)        0188
_ANSELH                     (abs)        0189
_BAUDCTLbits                (abs)        0187
_INTCONbits                 (abs)        000B
_IOCBbits                   (abs)        0096
_Lcd_Clear                  text20       0ED6
_Lcd_Cmd                    text21       0F23
_Lcd_Init                   text19       057C
_Lcd_Port                   text22       0EC0
_Lcd_Set_Cursor             text18       0F3F
_Lcd_Write_Char             text17       0F0B
_Lcd_Write_String           text16       0528
_MENU                       text11       06EE
_OPTION_REGbits             (abs)        0081
_OSCCONbits                 (abs)        008F
_PIE1bits                   (abs)        008C
_PIR1bits                   (abs)        000C
_PORTA                      (abs)        0005
_PORTB                      (abs)        0006
_PORTC                      (abs)        0007
_PORTD                      (abs)        0008
_PORTE                      (abs)        0009
_RCIF                       (abs)        0065
_RCREG                      (abs)        001A
_RCSTAbits                  (abs)        0018
_RE0                        (abs)        0048
_RE1                        (abs)        0049
_SPBRG                      (abs)        0099
_SPBRGH                     (abs)        009A
_TRISA                      (abs)        0085
_TRISB                      (abs)        0086
_TRISC                      (abs)        0087
_TRISD                      (abs)        0088
_TRISE                      (abs)        0089
_TXREG                      (abs)        0019
_TXSTAbits                  (abs)        0098
_UART_RX_config             text10       0733
_UART_TX_config             text9        0772
_UART_get                   bssBANK1     00C0
_UART_read_char             text30       0EBA
_UART_write_char            text15       0EC6
_UART_write_string          text14       0618
_WPUBbits                   (abs)        0095
__Habs1                     abs1         0000
__Hbank0                    bank0        0000
__Hbank1                    bank1        0000
__Hbank2                    bank2        0000
__Hbank3                    bank3        0000
__HbssBANK1                 bssBANK1     0000
__Hcinit                    cinit        0030
__Hclrtext                  clrtext      0000
__Hcode                     code         0000
__Hcommon                   common       0000
__Hconfig                   config       2009
__HcstackBANK0              cstackBANK0  0000
__HcstackBANK1              cstackBANK1  0000
__HcstackCOMMON             cstackCOMMON 0000
__HdataBANK3                dataBANK3    0000
__Heeprom_data              eeprom_data  0000
__Hend_init                 end_init     0011
__Hfunctab                  functab      0000
__HidataBANK3               idataBANK3   0000
__Hidloc                    idloc        2004
__Hinit                     init         000E
__Hinittext                 inittext     0000
__Hintentry                 intentry     000E
__Hmaintext                 maintext     0000
__Hpowerup                  powerup      0000
__Hram                      ram          0000
__Hreset_vec                reset_vec    0003
__Hsfr0                     sfr0         0000
__Hsfr1                     sfr1         0000
__Hsfr2                     sfr2         0000
__Hsfr3                     sfr3         0000
__Hspace_0                  (abs)        1000
__Hspace_1                  (abs)        01BC
__Hspace_2                  (abs)        0000
__Hspace_3                  (abs)        0000
__Hspace_4                  (abs)        4010
__Hstack                    stack        0000
__Hstrings                  strings      0000
__Htext                     text         0000
__Labs1                     abs1         0000
__Lbank0                    bank0        0000
__Lbank1                    bank1        0000
__Lbank2                    bank2        0000
__Lbank3                    bank3        0000
__LbssBANK1                 bssBANK1     0000
__Lcinit                    cinit        0011
__Lclrtext                  clrtext      0000
__Lcode                     code         0000
__Lcommon                   common       0000
__Lconfig                   config       0000
__LcstackBANK0              cstackBANK0  0000
__LcstackBANK1              cstackBANK1  0000
__LcstackCOMMON             cstackCOMMON 0000
__LdataBANK3                dataBANK3    0000
__Leeprom_data              eeprom_data  0000
__Lend_init                 end_init     000E
__Lfunctab                  functab      0000
__LidataBANK3               idataBANK3   0000
__Lidloc                    idloc        0000
__Linit                     init         000E
__Linittext                 inittext     0000
__Lintentry                 intentry     0004
__Lmaintext                 maintext     0000
__Lpowerup                  powerup      0000
__Lram                      ram          0000
__Lreset_vec                reset_vec    0000
__Lsfr0                     sfr0         0000
__Lsfr1                     sfr1         0000
__Lsfr2                     sfr2         0000
__Lsfr3                     sfr3         0000
__Lspace_0                  (abs)        0000
__Lspace_1                  (abs)        0000
__Lspace_2                  (abs)        0000
__Lspace_3                  (abs)        0000
__Lspace_4                  (abs)        0000
__Lstack                    stack        0000
__Lstrings                  strings      0000
__Ltext                     text         0000
__S0                        (abs)        1000
__S1                        (abs)        01BC
__S3                        (abs)        0000
___aldiv                    text26       01C7
___aldiv@counter            cstackBANK0  0028
___aldiv@dividend           cstackBANK0  0024
___aldiv@divisor            cstackBANK0  0020
___aldiv@quotient           cstackBANK0  002A
___aldiv@sign               cstackBANK0  0029
___awdiv                    text29       0468
___awdiv@counter            cstackCOMMON 0075
___awdiv@dividend           cstackCOMMON 0072
___awdiv@divisor            cstackCOMMON 0070
___awdiv@quotient           cstackCOMMON 0077
___awdiv@sign               cstackCOMMON 0076
___awmod                    text28       04CF
___awmod@counter            cstackCOMMON 0075
___awmod@dividend           cstackCOMMON 0072
___awmod@divisor            cstackCOMMON 0070
___awmod@sign               cstackCOMMON 0076
___int_sp                   stack        0000
___latbits                  (abs)        0002
___lmul                     text25       06A8
___lmul@multiplicand        cstackCOMMON 0074
___lmul@multiplier          cstackCOMMON 0070
___lmul@product             cstackCOMMON 0079
___lwdiv                    text3        0662
___lwdiv@counter            cstackBANK0  004B
___lwdiv@dividend           cstackBANK0  0046
___lwdiv@divisor            cstackBANK0  0044
___lwdiv@quotient           cstackBANK0  0049
___lwmod                    text2        07B0
___lwmod@counter            cstackBANK1  00A5
___lwmod@dividend           cstackBANK1  00A2
___lwmod@divisor            cstackBANK1  00A0
___sp                       stack        0000
___stackhi                  (abs)        0000
___stacklo                  (abs)        0000
__end_of_Lcd_Clear          text20       0EE3
__end_of_Lcd_Cmd            text21       0F3F
__end_of_Lcd_Init           text19       05CC
__end_of_Lcd_Port           text22       0EC6
__end_of_Lcd_Set_Cursor     text18       0F61
__end_of_Lcd_Write_Char     text17       0F23
__end_of_Lcd_Write_String   text16       057C
__end_of_MENU               text11       0733
__end_of_UART_RX_config     text10       0772
__end_of_UART_TX_config     text9        07B0
__end_of_UART_read_char     text30       0EC0
__end_of_UART_write_char    text15       0ECC
__end_of_UART_write_string  text14       0662
__end_of___aldiv            text26       0264
__end_of___awdiv            text29       04CF
__end_of___awmod            text28       0528
__end_of___lmul             text25       06EE
__end_of___lwdiv            text3        06A8
__end_of___lwmod            text2        07EC
__end_of__initialization    cinit        002C
__end_of__stringtab         strings      038D
__end_of_adc_init           text8        02FB
__end_of_adc_read           text27       0ED6
__end_of_configIntbits      text7        0EBA
__end_of_configOsc          text6        0468
__end_of_configPort         text5        0F0B
__end_of_contador           text13       0FC6
__end_of_dpowers            strings      0397
__end_of_isr                text23       01C7
__end_of_main               maintext     037D
__end_of_map                text24       0618
__end_of_setup              text4        1000
__end_of_sprintf            text1        011C
__end_of_voltaje            text12       0EF5
__initialization            cinit        0011
__pbssBANK1                 bssBANK1     00BA
__pcstackBANK0              cstackBANK0  0020
__pcstackBANK1              cstackBANK1  00A0
__pcstackCOMMON             cstackCOMMON 0070
__pdataBANK3                dataBANK3    0190
__pidataBANK3               idataBANK3   0F61
__pintentry                 intentry     0004
__pmaintext                 maintext     02FB
__pstrings                  strings      037D
__ptext1                    text1        0030
__ptext10                   text10       0733
__ptext11                   text11       06EE
__ptext12                   text12       0EE3
__ptext13                   text13       0F8D
__ptext14                   text14       0618
__ptext15                   text15       0EC6
__ptext16                   text16       0528
__ptext17                   text17       0F0B
__ptext18                   text18       0F3F
__ptext19                   text19       057C
__ptext2                    text2        07B0
__ptext20                   text20       0ED6
__ptext21                   text21       0F23
__ptext22                   text22       0EC0
__ptext23                   text23       011C
__ptext24                   text24       05CC
__ptext25                   text25       06A8
__ptext26                   text26       01C7
__ptext27                   text27       0ECC
__ptext28                   text28       04CF
__ptext29                   text29       0468
__ptext3                    text3        0662
__ptext30                   text30       0EBA
__ptext4                    text4        0FC6
__ptext5                    text5        0EF5
__ptext6                    text6        03F5
__ptext7                    text7        0EB7
__ptext8                    text8        0264
__ptext9                    text9        0772
__stringbase                strings      038C
__stringtab                 strings      037D
_adc_init                   text8        0264
_adc_read                   text27       0ECC
_centena                    bssBANK1     00BA
_configIntbits              text7        0EB7
_configOsc                  text6        03F5
_configPort                 text5        0EF5
_contador                   text13       0F8D
_decena                     bssBANK1     00BC
_dpowers                    strings      038D
_isr                        text23       011C
_main                       maintext     02FB
_map                        text24       05CC
_menu                       dataBANK3    0190
_setup                      text4        0FC6
_sprintf                    text1        0030
_strADC                     bssBANK1     00C1
_unidad                     bssBANK1     00BE
_voltaje                    text12       0EE3
adc_init@channel            cstackBANK0  0044
adc_init@clock              cstackBANK0  0046
btemp                       (abs)        007E
configOsc@freq              cstackBANK0  0044
end_of_initialization       cinit        002C
init_fetch0                 inittext     07EC
init_ram0                   inittext     07F0
interrupt_function          intentry     0004
intlevel0                   functab      0000
intlevel1                   functab      0000
intlevel2                   functab      0000
intlevel3                   functab      0000
intlevel4                   functab      0000
intlevel5                   functab      0000
isr@residuo                 cstackBANK0  0042
isr@valorADC                cstackBANK0  003E
isr@valorMapeado            cstackBANK0  0040
map@max_in                  cstackBANK0  0032
map@max_out                 cstackBANK0  0036
map@min_in                  cstackBANK0  0030
map@min_out                 cstackBANK0  0034
map@val                     cstackBANK0  002E
map@vout                    cstackBANK0  0038
reset_vec                   reset_vec    0000
saved_w                     (abs)        007E
sprintf@ap                  cstackBANK1  00B0
sprintf@c                   cstackBANK1  00B6
sprintf@f                   cstackBANK1  00A6
sprintf@flag                cstackBANK1  00B1
sprintf@prec                cstackBANK1  00B2
sprintf@sp                  cstackBANK1  00B5
sprintf@val                 cstackBANK1  00B3
start                       init         000E
start_initialization        cinit        0011
wtemp0                      (abs)        007E


MODULE INFORMATION

Module		Function		Class		Link	Load	Size
C:\Program Files\Microchip\xc8\v2.40\pic\sources\c90\common\awdiv.c
		___awdiv       		CODE           	0468	0000	103

C:\Program Files\Microchip\xc8\v2.40\pic\sources\c90\common\awdiv.c estimated size: 103

C:\Program Files\Microchip\xc8\v2.40\pic\sources\c90\common\aldiv.c
		___aldiv       		CODE           	01C7	0000	157

C:\Program Files\Microchip\xc8\v2.40\pic\sources\c90\common\aldiv.c estimated size: 157

Usart.c
		_UART_write_string		CODE           	0618	0000	74
		_UART_TX_config		CODE           	0772	0000	62
		_UART_write_char		CODE           	0EC6	0000	6
		_UART_read_char		CODE           	0EBA	0000	6
		_UART_RX_config		CODE           	0733	0000	63

Usart.c estimated size: 211

LCD_MT.c
		_MENU          		CODE           	06EE	0000	69
		_main          		CODE           	02FB	0000	130
		_isr           		CODE           	011C	0000	171
		_contador      		CODE           	0F8D	0000	57
		_setup         		CODE           	0FC6	0000	58
		_voltaje       		CODE           	0EE3	0000	18

LCD_MT.c estimated size: 503

C:\Program Files\Microchip\xc8\v2.40\pic\sources\c90\common\doprnt.c
		_sprintf       		CODE           	0030	0000	236

C:\Program Files\Microchip\xc8\v2.40\pic\sources\c90\common\doprnt.c estimated size: 236

config.c
		_configPort    		CODE           	0EF5	0000	22
		_configOsc     		CODE           	03F5	0000	115
		_configIntbits 		CODE           	0EB7	0000	3

config.c estimated size: 140

C:\Program Files\Microchip\xc8\v2.40\pic\sources\c90\common\lwmod.c
		___lwmod       		CODE           	07B0	0000	60

C:\Program Files\Microchip\xc8\v2.40\pic\sources\c90\common\lwmod.c estimated size: 60

shared
		__stringtab    		STRING         	037D	0000	16
		_dpowers       		STRING         	038D	0000	10
		__initialization		CODE           	0011	0000	27

shared estimated size: 53

ADC.c
		_map           		CODE           	05CC	0000	76
		_adc_read      		CODE           	0ECC	0000	10
		_adc_init      		CODE           	0264	0000	151

ADC.c estimated size: 237

C:\Program Files\Microchip\xc8\v2.40\pic\sources\c90\common\awmod.c
		___awmod       		CODE           	04CF	0000	89

C:\Program Files\Microchip\xc8\v2.40\pic\sources\c90\common\awmod.c estimated size: 89

C:\Program Files\Microchip\xc8\v2.40\pic\sources\c90\common\Umul32.c
		___lmul        		CODE           	06A8	0000	70

C:\Program Files\Microchip\xc8\v2.40\pic\sources\c90\common\Umul32.c estimated size: 70

C:\Program Files\Microchip\xc8\v2.40\pic\sources\c90\common\lwdiv.c
		___lwdiv       		CODE           	0662	0000	70

C:\Program Files\Microchip\xc8\v2.40\pic\sources\c90\common\lwdiv.c estimated size: 70

LCD.c
		_Lcd_Write_String		CODE           	0528	0000	84
		_Lcd_Init      		CODE           	057C	0000	80
		_Lcd_Write_Char		CODE           	0F0B	0000	24
		_Lcd_Cmd       		CODE           	0F23	0000	28
		_Lcd_Set_Cursor		CODE           	0F3F	0000	34
		_Lcd_Clear     		CODE           	0ED6	0000	13
		_Lcd_Port      		CODE           	0EC0	0000	6

LCD.c estimated size: 269

